// Jest Snapshot v1, https://goo.gl/fbAQLP

exports[`Should render the first page on load It should be render character list on page 1 1`] = `
<DocumentFragment>
  <div
    class="container mx-auto"
  >
    <ul
      class="flex flex-col gap-6 py-20"
    >
      <li
        class="flex flex-col shadow-md bg-gray-500 border rounded"
      >
        <a
          href="/character/1"
        >
          Luke Skywalker
        </a>
        <div>
          male
        </div>
        <div>
          https://swapi.dev/api/people/1/
        </div>
      </li>
      <li
        class="flex flex-col shadow-md bg-gray-500 border rounded"
      >
        <a
          href="/character/2"
        >
          C-3PO
        </a>
        <div>
          n/a
        </div>
        <div>
          https://swapi.dev/api/people/2/
        </div>
      </li>
      <li
        class="flex flex-col shadow-md bg-gray-500 border rounded"
      >
        <a
          href="/character/3"
        >
          R2-D2
        </a>
        <div>
          n/a
        </div>
        <div>
          https://swapi.dev/api/people/3/
        </div>
      </li>
      <li
        class="flex flex-col shadow-md bg-gray-500 border rounded"
      >
        <a
          href="/character/4"
        >
          Darth Vader
        </a>
        <div>
          male
        </div>
        <div>
          https://swapi.dev/api/people/4/
        </div>
      </li>
      <li
        class="flex flex-col shadow-md bg-gray-500 border rounded"
      >
        <a
          href="/character/5"
        >
          Leia Organa
        </a>
        <div>
          female
        </div>
        <div>
          https://swapi.dev/api/people/5/
        </div>
      </li>
      <li
        class="flex flex-col shadow-md bg-gray-500 border rounded"
      >
        <a
          href="/character/6"
        >
          Owen Lars
        </a>
        <div>
          male
        </div>
        <div>
          https://swapi.dev/api/people/6/
        </div>
      </li>
      <li
        class="flex flex-col shadow-md bg-gray-500 border rounded"
      >
        <a
          href="/character/7"
        >
          Beru Whitesun lars
        </a>
        <div>
          female
        </div>
        <div>
          https://swapi.dev/api/people/7/
        </div>
      </li>
      <li
        class="flex flex-col shadow-md bg-gray-500 border rounded"
      >
        <a
          href="/character/8"
        >
          R5-D4
        </a>
        <div>
          n/a
        </div>
        <div>
          https://swapi.dev/api/people/8/
        </div>
      </li>
      <li
        class="flex flex-col shadow-md bg-gray-500 border rounded"
      >
        <a
          href="/character/9"
        >
          Biggs Darklighter
        </a>
        <div>
          male
        </div>
        <div>
          https://swapi.dev/api/people/9/
        </div>
      </li>
      <li
        class="flex flex-col shadow-md bg-gray-500 border rounded"
      >
        <a
          href="/character/10"
        >
          Obi-Wan Kenobi
        </a>
        <div>
          male
        </div>
        <div>
          https://swapi.dev/api/people/10/
        </div>
      </li>
    </ul>
    <ul
      class="fixed bottom-0 flex gap-6 py-6 bg-gray-800 w-full"
    >
      Pages
      <li
        class="text-white"
      >
        <a
          class="p-2 text-white bg-gray-300"
          href="/?page=1"
        >
          1
        </a>
      </li>
      <li
        class="text-white"
      >
        <a
          class="p-2 "
          href="/?page=2"
        >
          2
        </a>
      </li>
      <li
        class="text-white"
      >
        <a
          class="p-2 "
          href="/?page=3"
        >
          3
        </a>
      </li>
      <li
        class="text-white"
      >
        <a
          class="p-2 "
          href="/?page=4"
        >
          4
        </a>
      </li>
      <li
        class="text-white"
      >
        <a
          class="p-2 "
          href="/?page=5"
        >
          5
        </a>
      </li>
      <li
        class="text-white"
      >
        <a
          class="p-2 "
          href="/?page=6"
        >
          6
        </a>
      </li>
      <li
        class="text-white"
      >
        <a
          class="p-2 "
          href="/?page=7"
        >
          7
        </a>
      </li>
      <li
        class="text-white"
      >
        <a
          class="p-2 "
          href="/?page=8"
        >
          8
        </a>
      </li>
    </ul>
  </div>
</DocumentFragment>
`;

exports[`Should render the first page on load It should be render character list on page 2 1`] = `
<DocumentFragment>
  <div
    class="container mx-auto"
  >
    <ul
      class="flex flex-col gap-6 py-20"
    >
      <li
        class="flex flex-col shadow-md bg-gray-500 border rounded"
      >
        <a
          href="/character/1"
        >
          Luke Skywalker
        </a>
        <div>
          male
        </div>
        <div>
          https://swapi.dev/api/people/1/
        </div>
      </li>
      <li
        class="flex flex-col shadow-md bg-gray-500 border rounded"
      >
        <a
          href="/character/2"
        >
          C-3PO
        </a>
        <div>
          n/a
        </div>
        <div>
          https://swapi.dev/api/people/2/
        </div>
      </li>
      <li
        class="flex flex-col shadow-md bg-gray-500 border rounded"
      >
        <a
          href="/character/3"
        >
          R2-D2
        </a>
        <div>
          n/a
        </div>
        <div>
          https://swapi.dev/api/people/3/
        </div>
      </li>
      <li
        class="flex flex-col shadow-md bg-gray-500 border rounded"
      >
        <a
          href="/character/4"
        >
          Darth Vader
        </a>
        <div>
          male
        </div>
        <div>
          https://swapi.dev/api/people/4/
        </div>
      </li>
      <li
        class="flex flex-col shadow-md bg-gray-500 border rounded"
      >
        <a
          href="/character/5"
        >
          Leia Organa
        </a>
        <div>
          female
        </div>
        <div>
          https://swapi.dev/api/people/5/
        </div>
      </li>
      <li
        class="flex flex-col shadow-md bg-gray-500 border rounded"
      >
        <a
          href="/character/6"
        >
          Owen Lars
        </a>
        <div>
          male
        </div>
        <div>
          https://swapi.dev/api/people/6/
        </div>
      </li>
      <li
        class="flex flex-col shadow-md bg-gray-500 border rounded"
      >
        <a
          href="/character/7"
        >
          Beru Whitesun lars
        </a>
        <div>
          female
        </div>
        <div>
          https://swapi.dev/api/people/7/
        </div>
      </li>
      <li
        class="flex flex-col shadow-md bg-gray-500 border rounded"
      >
        <a
          href="/character/8"
        >
          R5-D4
        </a>
        <div>
          n/a
        </div>
        <div>
          https://swapi.dev/api/people/8/
        </div>
      </li>
      <li
        class="flex flex-col shadow-md bg-gray-500 border rounded"
      >
        <a
          href="/character/9"
        >
          Biggs Darklighter
        </a>
        <div>
          male
        </div>
        <div>
          https://swapi.dev/api/people/9/
        </div>
      </li>
      <li
        class="flex flex-col shadow-md bg-gray-500 border rounded"
      >
        <a
          href="/character/10"
        >
          Obi-Wan Kenobi
        </a>
        <div>
          male
        </div>
        <div>
          https://swapi.dev/api/people/10/
        </div>
      </li>
    </ul>
    <ul
      class="fixed bottom-0 flex gap-6 py-6 bg-gray-800 w-full"
    >
      Pages
      <li
        class="text-white"
      >
        <a
          class="p-2 "
          href="/?page=1"
        >
          1
        </a>
      </li>
      <li
        class="text-white"
      >
        <a
          class="p-2 text-white bg-gray-300"
          href="/?page=2"
        >
          2
        </a>
      </li>
      <li
        class="text-white"
      >
        <a
          class="p-2 "
          href="/?page=3"
        >
          3
        </a>
      </li>
      <li
        class="text-white"
      >
        <a
          class="p-2 "
          href="/?page=4"
        >
          4
        </a>
      </li>
      <li
        class="text-white"
      >
        <a
          class="p-2 "
          href="/?page=5"
        >
          5
        </a>
      </li>
      <li
        class="text-white"
      >
        <a
          class="p-2 "
          href="/?page=6"
        >
          6
        </a>
      </li>
      <li
        class="text-white"
      >
        <a
          class="p-2 "
          href="/?page=7"
        >
          7
        </a>
      </li>
      <li
        class="text-white"
      >
        <a
          class="p-2 "
          href="/?page=8"
        >
          8
        </a>
      </li>
    </ul>
  </div>
</DocumentFragment>
`;
